MPASM  5.40                      RECEPTOR.ASM   8-31-2016  5:34:12         PAGE  1


LOC  OBJECT CODE     LINE SOURCE TEXT
  VALUE

                      00001 ;edu tp pcp-usart (KAIZEN)
                      00002 #include <P16F877.INC>
                      00001         LIST
                      00002 
                      00003 ;==========================================================================
                      00004 ;  MPASM PIC16F877 processor include
                      00005 ; 
                      00006 ;  (c) Copyright 1999-2011 Microchip Technology, All rights reserved
                      00007 ;==========================================================================
                      00008 
                      00528         LIST
                      00003 
  00000023            00004 contTA  EQU 0X23 ; contador de tiempo de adquisicion para empezar a recibir datos del ADC
  00000024            00005 BIN     EQU 0X24 ; resultado de la conversion del ADC (convertion result)
  00000025            00006 BCDH    EQU     0x25
  00000026            00007 BCDM    EQU     0x26
  00000027            00008 BCDL    EQU     0x27
  00000028            00009 reg1    EQU     0x28
  00000029            00010 reg2    EQU     0X29
                      00011 
Warning[205]: Found directive in column 1. (ORG)
                      00012 ORG 0X0000
Warning[203]: Found opcode in column 1. (goto)
0000   2???           00013 goto inicio
Warning[205]: Found directive in column 1. (ORG)
                      00014 ORG 0x0004
Warning[203]: Found opcode in column 1. (call)
0004   2???           00015 call isr
                      00016 
Warning[205]: Found directive in column 1. (ORG)
                      00017 ORG 0x0005
0005                  00018 inicio
0005   2???           00019         call init
0006   2???           00020         call main
                      00021 
                      00022 
                      00023 ;PROGRAMA PRINCIPAL
0007                  00024 main
0007   0000           00025         NOP
0008   0064           00026         CLRWDT ; por las dudas :D
                      00027         
                      00028         ;BANKSEL PIR1
                      00029         ;WaitRX
                      00030         ;       btfss PIR1,RCIF
                      00031         ;goto WaitRX
                      00032 
                      00033 
                      00034 ;Fin main
Warning[203]: Found opcode in column 1. (goto)
0009   2???           00035 goto main
                      00036 
000A                  00037 TABLA
000A   0782           00038                 addwf   PCL, 1
MPASM  5.40                      RECEPTOR.ASM   8-31-2016  5:34:12         PAGE  2


LOC  OBJECT CODE     LINE SOURCE TEXT
  VALUE

000B   343F           00039                 retlw   d'63'  ;0
000C   3406           00040                 retlw   d'6'   ;1
000D   345B           00041                 retlw   d'91'  ;2
000E   344F           00042                 retlw   d'79'  ;3
000F   3466           00043                 retlw   d'102' ;4
0010   346D           00044                 retlw   d'109' ;5
0011   347D           00045                 retlw   d'125' ;6
0012   3407           00046                 retlw   d'7'   ;7
0013   347F           00047                 retlw   d'127' ;8
0014   3467           00048                 retlw   d'103' ;9
                      00049 
0015                  00050 convert_dato
0015   01A5           00051         clrf    BCDH
0016   01A6           00052         clrf    BCDM
0017   01A7           00053         clrf    BCDL
Warning[207]: Found label after column 1. (BCD_HIGH)
0018                  00054         BCD_HIGH
0018   3064           00055         movlw   d'100'
0019   02A4           00056         subwf   BIN,f
001A   1C03           00057         btfss   STATUS,C        ; si esta seteado no hubo BORROW
001B   2???           00058         goto    SUMA_100        ; si hubo BORROW entonces el numero que quedaba era menor a 100
001C   0AA5           00059         incf    BCDH,f
001D   2???           00060         goto BCD_HIGH
Warning[207]: Found label after column 1. (SUMA_100)
001E                  00061         SUMA_100
001E   3064           00062         movlw   d'100'
001F   07A4           00063         addwf   BIN,f
0020   2???           00064                 goto    BCD_LOW 
                      00065 
Warning[207]: Found label after column 1. (BCD_LOW)
0021                  00066         BCD_LOW 
0021   300A           00067                 movlw   d'10'
0022   02A4           00068         subwf   BIN,f
0023   1C03           00069         btfss   STATUS,C   ; si esta seteado no hubo BORROW
0024   2???           00070         goto    SUMA_10
Message[305]: Using default destination of 1 (file).
0025   0AA6           00071         incf    BCDM
0026   2???           00072         goto    BCD_LOW
Warning[207]: Found label after column 1. (SUMA_10)
0027                  00073         SUMA_10 
0027   300A           00074                 movlw   d'10'
0028   07A4           00075         addwf   BIN,f
0029   0824           00076         movf    BIN,w
002A   00A7           00077         movwf   BCDL
                      00078 ;FIN convert_dato
Warning[203]: Found opcode in column 1. (return)
002B   0008           00079 return
                      00080 
                      00081                 
002C                  00082 delay
002C   01A8           00083         clrf reg1
002D   01A9           00084         clrf reg2
Warning[207]: Found label after column 1. (cont_delay)
MPASM  5.40                      RECEPTOR.ASM   8-31-2016  5:34:12         PAGE  3


LOC  OBJECT CODE     LINE SOURCE TEXT
  VALUE

002E                  00085         cont_delay      
Message[305]: Using default destination of 1 (file).
002E   0FA8           00086                 incfsz reg1
002F   2???           00087                 goto cont_delay
Message[305]: Using default destination of 1 (file).
0030   0FA9           00088                 incfsz reg2
0031   2???           00089                 goto cont_delay
Warning[203]: Found opcode in column 1. (return)
0032   0008           00090 return   
                      00091 
0033                  00092 isr
                      00093         ;Pagina 00 (BANK 0)
0033   1283           00094         bcf STATUS,RP0
0034   1303           00095         bcf STATUS,RP1
                      00096 
0035   138B           00097         bcf     INTCON,GIE
0036   1A8C           00098         btfsc PIR1,RCIF
0037   2???           00099         goto recibiAlgo ; si RCIF esta en 1
0038   1A0C           00100         btfsc PIR1,TXIF
0039   2???           00101         goto transmitiAlgo ; si TXIF esta en 1
003A   2???           00102         goto fin_isr
                      00103 
003B                  00104 recibiAlgo
                      00105         
003B   1283 1303      00106         BANKSEL RCREG
003D   081A           00107         movf RCREG,W
003E   1283 1303      00108         BANKSEL BIN
0040   00A4           00109         movwf BIN
0041   2???           00110         call convert_dato; genero BCDL, BCDM y BCDH
0042   1008           00111         BCF PORTD,RD0
0043   0827           00112         MOVFW BCDL 
0044   2???           00113         call TABLA
0045   0086           00114         MOVWF PORTB
0046   1408           00115         BSF PORTD,RD0
0047   2???           00116         call delay;delay
0048   1088           00117         BCF PORTD,RD1
0049   0826           00118         MOVFW BCDM 
004A   2???           00119         call TABLA
004B   0086           00120         MOVWF PORTB
004C   1488           00121         BSF PORTD,RD1
004D   2???           00122         call delay;delay
004E   1108           00123         BCF PORTD,RD2
004F   0825           00124         MOVFW BCDH 
0050   2???           00125         call TABLA
0051   0086           00126         MOVWF PORTB
0052   1508           00127         BSF PORTD,RD2
0053   2???           00128         call delay;delay
0054   1188           00129         BCF PORTD,RD3
0055   3000           00130         MOVLW 0x00 
0056   2???           00131         call TABLA
0057   0086           00132         MOVWF PORTB
0058   1588           00133         BSF PORTD,RD3
0059   2???           00134         call delay;delay
MPASM  5.40                      RECEPTOR.ASM   8-31-2016  5:34:12         PAGE  4


LOC  OBJECT CODE     LINE SOURCE TEXT
  VALUE

005A   128C           00135         bcf PIR1,RCIF
005B   2???           00136         goto fin_isr
                      00137 
005C                  00138 transmitiAlgo
005C   120C           00139         bcf PIR1,TXIF
005D   2???           00140         goto fin_isr
                      00141 
005E                  00142 fin_isr
005E   178B           00143         bsf             INTCON,GIE      
005F   0009           00144         retfie          
                      00145         
                      00146 
                      00147 
0060                  00148 init
                      00149 
                      00150 ;INICIALIZACION PUERTO DISPLAY
                      00151         ;Pagina 00 (BANK 0)
0060   1283           00152         bcf     STATUS,RP0
0061   1303           00153         bcf     STATUS,RP1
0062   0186           00154         CLRF PORTB ; PORTB Numero que voy a mostrar en el Display
                      00155         ; PORTC Muestra el Display si su bit correspondiente esta en 0,
                      00156         ; ej: RD0 = 0 --> Display0 muestra un numero
0063   0188           00157         CLRF PORTD
Message[305]: Using default destination of 1 (file).
0064   0988           00158         COMF PORTD
                      00159         ;Pagina 01 (BANK 1)
0065   1683           00160         bsf     STATUS,RP0
0066   1303           00161         bcf     STATUS,RP1
Message[302]: Register in operand not in bank 0.  Ensure that bank bits are correct.
0067   0186           00162         clrf TRISB
Message[302]: Register in operand not in bank 0.  Ensure that bank bits are correct.
0068   0188           00163         clrf TRISD      
                      00164                 
                      00165 ;FIN INICIALIZACION PUERTO DISPLAY 
                      00166 
                      00167 ;INICIALIZACION PUERTO SERIE (USART)
                      00168 
                      00169         ;Pagina 01 (BANK 1)
0069   1683           00170         bsf     STATUS,RP0
006A   1303           00171         bcf     STATUS,RP1
                      00172         ;TX y RX
Message[302]: Register in operand not in bank 0.  Ensure that bank bits are correct.
006B   1307           00173         bcf     TRISC,6 ;TX como salida  (OUTPUT)
Message[302]: Register in operand not in bank 0.  Ensure that bank bits are correct.
006C   1787           00174         bsf     TRISC,7 ;RX como entrada (INPUT)
                      00175         ;The rate at which data is transmitted or received must be always be set using the
                      00176         ;baud rate generator unless the USART is being used in synchronous slave mode.
                      00177         ;Configuro la velocidad de transmision/recepcion (baudios = bit/segundo (?))
006D   3019           00178         movlw   d'25'
Message[302]: Register in operand not in bank 0.  Ensure that bank bits are correct.
006E   0099           00179         movwf   SPBRG   ; 9600 baudios en high speed con 4MHz
                      00180         ;Configuro el TXSTA
Message[302]: Register in operand not in bank 0.  Ensure that bank bits are correct.
MPASM  5.40                      RECEPTOR.ASM   8-31-2016  5:34:12         PAGE  5


LOC  OBJECT CODE     LINE SOURCE TEXT
  VALUE

006F   0198           00181     clrf TXSTA
Message[302]: Register in operand not in bank 0.  Ensure that bank bits are correct.
0070   1498           00182         bsf TXSTA,TRMT  ;TRMT: Transmit Shift Register Status bit, 1 = TSR empty
Message[302]: Register in operand not in bank 0.  Ensure that bank bits are correct.
0071   1518           00183         bsf TXSTA,BRGH  ;High speed
Message[302]: Register in operand not in bank 0.  Ensure that bank bits are correct.
0072   1698           00184         bsf TXSTA,TXEN  ;Transmision habilitada
                      00185         
                      00186         ;Pagina 00 (BANK 0)
0073   1283           00187         bcf     STATUS,RP0
0074   1303           00188         bcf     STATUS,RP1
                      00189         ;Configuro el RCSTA
0075   0198           00190         clrf RCSTA
0076   1798           00191         bsf RCSTA,SPEN ; Serial Port Enable
0077   1618           00192         bsf RCSTA,CREN ; Continuous receive enable
                      00193 
                      00194 ;FIN INICIALIZACION PUERTO SERIE (USART)
                      00195 
                      00196 
                      00197 ; INICIALIZACION DE INTERRUPCIONES
                      00198 
                      00199         ;Pagina 01 (BANK 1)
0078   1683           00200         bsf     STATUS,RP0
0079   1303           00201         bcf     STATUS,RP1
                      00202         ;Habilito int de recepcion, la int de transmision no hace falta ya que tomamos accion solo al re
                            cibir un dato. 
Message[302]: Register in operand not in bank 0.  Ensure that bank bits are correct.
007A   168C           00203         bsf     PIE1,RCIE       ;Habilito int de recepcion
                      00204         ;bsf PIE1,TXIE  ;Habilito int de transmision (preguntar)
                      00205  
                      00206         ;Pagina 00 (BANK 0)
007B   1283           00207         bcf     STATUS,RP0
007C   1303           00208         bcf     STATUS,RP1
007D   170B           00209         bsf     INTCON, PEIE    ; habilito int de perifericos
007E   178B           00210         bsf     INTCON, GIE             ; habilito int global   
                      00211 
                      00212 ; FIN INICIALIZACION DE INTERRUPCIONES
                      00213 
                      00214 ;FIN INIT
Warning[203]: Found opcode in column 1. (return)
007F   0008           00215 return
Warning[205]: Found directive in column 1. (end)
                      00216 end
MPASM  5.40                      RECEPTOR.ASM   8-31-2016  5:34:12         PAGE  6


SYMBOL TABLE
  LABEL                             VALUE 

ACKDT                             00000005
ACKEN                             00000004
ACKSTAT                           00000006
ADCON0                            0000001F
ADCON1                            0000009F
ADCS0                             00000006
ADCS1                             00000007
ADDEN                             00000003
ADFM                              00000007
ADIE                              00000006
ADIF                              00000006
ADON                              00000000
ADRESH                            0000001E
ADRESL                            0000009E
BCDH                              00000025
BCDL                              00000027
BCDM                              00000026
BCD_HIGH                          00000018
BCD_LOW                           00000021
BCLIE                             00000003
BCLIF                             00000003
BF                                00000000
BIN                               00000024
BRGH                              00000002
C                                 00000000
CCP1CON                           00000017
CCP1IE                            00000002
CCP1IF                            00000002
CCP1M0                            00000000
CCP1M1                            00000001
CCP1M2                            00000002
CCP1M3                            00000003
CCP1X                             00000005
CCP1Y                             00000004
CCP2CON                           0000001D
CCP2IE                            00000000
CCP2IF                            00000000
CCP2M0                            00000000
CCP2M1                            00000001
CCP2M2                            00000002
CCP2M3                            00000003
CCP2X                             00000005
CCP2Y                             00000004
CCPR1                             00000015
CCPR1H                            00000016
CCPR1L                            00000015
CCPR2                             0000001B
CCPR2H                            0000001C
CCPR2L                            0000001B
CHS0                              00000003
CHS1                              00000004
CHS2                              00000005
CKE                               00000006
MPASM  5.40                      RECEPTOR.ASM   8-31-2016  5:34:12         PAGE  7


SYMBOL TABLE
  LABEL                             VALUE 

CKP                               00000004
CREN                              00000004
CSRC                              00000007
D                                 00000005
DATA_ADDRESS                      00000005
DC                                00000001
D_A                               00000005
D_NOT_A                           00000005
EEADR                             0000010D
EEADRH                            0000010F
EECON1                            0000018C
EECON2                            0000018D
EEDATA                            0000010C
EEDATH                            0000010E
EEIE                              00000004
EEIF                              00000004
EEPGD                             00000007
F                                 00000001
FERR                              00000002
FSR                               00000004
GCEN                              00000007
GIE                               00000007
GO                                00000002
GO_DONE                           00000002
GO_NOT_DONE                       00000002
I2C_DATA                          00000005
I2C_READ                          00000002
I2C_START                         00000003
I2C_STOP                          00000004
IBF                               00000007
IBOV                              00000005
INDF                              00000000
INTCON                            0000000B
INTE                              00000004
INTEDG                            00000006
INTF                              00000001
IRP                               00000007
NOT_A                             00000005
NOT_ADDRESS                       00000005
NOT_BO                            00000000
NOT_BOR                           00000000
NOT_DONE                          00000002
NOT_PD                            00000003
NOT_POR                           00000001
NOT_RBPU                          00000007
NOT_RC8                           00000006
NOT_T1SYNC                        00000002
NOT_TO                            00000004
NOT_TX8                           00000006
NOT_W                             00000002
NOT_WRITE                         00000002
OBF                               00000006
OERR                              00000001
MPASM  5.40                      RECEPTOR.ASM   8-31-2016  5:34:12         PAGE  8


SYMBOL TABLE
  LABEL                             VALUE 

OPTION_REG                        00000081
P                                 00000004
PCFG0                             00000000
PCFG1                             00000001
PCFG2                             00000002
PCFG3                             00000003
PCL                               00000002
PCLATH                            0000000A
PCON                              0000008E
PEIE                              00000006
PEN                               00000002
PIE1                              0000008C
PIE2                              0000008D
PIR1                              0000000C
PIR2                              0000000D
PORTA                             00000005
PORTB                             00000006
PORTC                             00000007
PORTD                             00000008
PORTE                             00000009
PR2                               00000092
PS0                               00000000
PS1                               00000001
PS2                               00000002
PSA                               00000003
PSPIE                             00000007
PSPIF                             00000007
PSPMODE                           00000004
R                                 00000002
RA0                               00000000
RA1                               00000001
RA2                               00000002
RA3                               00000003
RA4                               00000004
RA5                               00000005
RB0                               00000000
RB1                               00000001
RB2                               00000002
RB3                               00000003
RB4                               00000004
RB5                               00000005
RB6                               00000006
RB7                               00000007
RBIE                              00000003
RBIF                              00000000
RC0                               00000000
RC1                               00000001
RC2                               00000002
RC3                               00000003
RC4                               00000004
RC5                               00000005
RC6                               00000006
RC7                               00000007
MPASM  5.40                      RECEPTOR.ASM   8-31-2016  5:34:12         PAGE  9


SYMBOL TABLE
  LABEL                             VALUE 

RC8_9                             00000006
RC9                               00000006
RCD8                              00000000
RCEN                              00000003
RCIE                              00000005
RCIF                              00000005
RCREG                             0000001A
RCSTA                             00000018
RD                                00000000
RD0                               00000000
RD1                               00000001
RD2                               00000002
RD3                               00000003
RD4                               00000004
RD5                               00000005
RD6                               00000006
RD7                               00000007
RE0                               00000000
RE1                               00000001
RE2                               00000002
READ_WRITE                        00000002
RP0                               00000005
RP1                               00000006
RSEN                              00000001
RX9                               00000006
RX9D                              00000000
R_NOT_W                           00000002
R_W                               00000002
S                                 00000003
SEN                               00000000
SMP                               00000007
SPBRG                             00000099
SPEN                              00000007
SREN                              00000005
SSPADD                            00000093
SSPBUF                            00000013
SSPCON                            00000014
SSPCON2                           00000091
SSPEN                             00000005
SSPIE                             00000003
SSPIF                             00000003
SSPM0                             00000000
SSPM1                             00000001
SSPM2                             00000002
SSPM3                             00000003
SSPOV                             00000006
SSPSTAT                           00000094
STATUS                            00000003
SUMA_10                           00000027
SUMA_100                          0000001E
SYNC                              00000004
T0CS                              00000005
T0IE                              00000005
MPASM  5.40                      RECEPTOR.ASM   8-31-2016  5:34:12         PAGE 10


SYMBOL TABLE
  LABEL                             VALUE 

T0IF                              00000002
T0SE                              00000004
T1CKPS0                           00000004
T1CKPS1                           00000005
T1CON                             00000010
T1INSYNC                          00000002
T1OSCEN                           00000003
T1SYNC                            00000002
T2CKPS0                           00000000
T2CKPS1                           00000001
T2CON                             00000012
TABLA                             0000000A
TMR0                              00000001
TMR0IE                            00000005
TMR0IF                            00000002
TMR1CS                            00000001
TMR1H                             0000000F
TMR1IE                            00000000
TMR1IF                            00000000
TMR1L                             0000000E
TMR1ON                            00000000
TMR2                              00000011
TMR2IE                            00000001
TMR2IF                            00000001
TMR2ON                            00000002
TOUTPS0                           00000003
TOUTPS1                           00000004
TOUTPS2                           00000005
TOUTPS3                           00000006
TRISA                             00000085
TRISA0                            00000000
TRISA1                            00000001
TRISA2                            00000002
TRISA3                            00000003
TRISA4                            00000004
TRISA5                            00000005
TRISB                             00000086
TRISB0                            00000000
TRISB1                            00000001
TRISB2                            00000002
TRISB3                            00000003
TRISB4                            00000004
TRISB5                            00000005
TRISB6                            00000006
TRISB7                            00000007
TRISC                             00000087
TRISC0                            00000000
TRISC1                            00000001
TRISC2                            00000002
TRISC3                            00000003
TRISC4                            00000004
TRISC5                            00000005
TRISC6                            00000006
MPASM  5.40                      RECEPTOR.ASM   8-31-2016  5:34:12         PAGE 11


SYMBOL TABLE
  LABEL                             VALUE 

TRISC7                            00000007
TRISD                             00000088
TRISD0                            00000000
TRISD1                            00000001
TRISD2                            00000002
TRISD3                            00000003
TRISD4                            00000004
TRISD5                            00000005
TRISD6                            00000006
TRISD7                            00000007
TRISE                             00000089
TRISE0                            00000000
TRISE1                            00000001
TRISE2                            00000002
TRMT                              00000001
TX8_9                             00000006
TX9                               00000006
TX9D                              00000000
TXD8                              00000000
TXEN                              00000005
TXIE                              00000004
TXIF                              00000004
TXREG                             00000019
TXSTA                             00000098
UA                                00000001
W                                 00000000
WCOL                              00000007
WR                                00000001
WREN                              00000002
WRERR                             00000003
Z                                 00000002
_BODEN_OFF                        00003FBF
_BODEN_ON                         00003FFF
_CONFIG                           00002007
_CPD_OFF                          00003FFF
_CPD_ON                           00003EFF
_CP_All                           00000FCF
_CP_HALF                          00001FDF
_CP_OFF                           00003FFF
_CP_UPPER_256                     00002FEF
_DEBUG_OFF                        00003FFF
_DEBUG_ON                         000037FF
_DEVID1                           00002006
_HS_OSC                           00003FFE
_IDLOC0                           00002000
_IDLOC1                           00002001
_IDLOC2                           00002002
_IDLOC3                           00002003
_LP_OSC                           00003FFC
_LVP_OFF                          00003F7F
_LVP_ON                           00003FFF
_PWRTE_OFF                        00003FFF
_PWRTE_ON                         00003FF7
MPASM  5.40                      RECEPTOR.ASM   8-31-2016  5:34:12         PAGE 12


SYMBOL TABLE
  LABEL                             VALUE 

_RC_OSC                           00003FFF
_WDT_OFF                          00003FFB
_WDT_ON                           00003FFF
_WRT_ENABLE_OFF                   00003DFF
_WRT_ENABLE_ON                    00003FFF
_XT_OSC                           00003FFD
__16F877                          00000001
__DEBUG                           1
contTA                            00000023
cont_delay                        0000002E
convert_dato                      00000015
delay                             0000002C
fin_isr                           0000005E
inicio                            00000005
init                              00000060
isr                               00000033
main                              00000007
recibiAlgo                        0000003B
reg1                              00000028
reg2                              00000029
transmitiAlgo                     0000005C

Errors   :     0
Warnings :    15 reported,     0 suppressed
Messages :    14 reported,     0 suppressed

