MPASM  5.40                      RECEPTOR.ASM   9-1-2016  19:57:49         PAGE  1


LOC  OBJECT CODE     LINE SOURCE TEXT
  VALUE

                      00001 ;edu tp pcp-usart (KAIZEN)
                      00002 #include <P16F877.INC>
                      00001         LIST
                      00002 
                      00003 ;==========================================================================
                      00004 ;  MPASM PIC16F877 processor include
                      00005 ; 
                      00006 ;  (c) Copyright 1999-2011 Microchip Technology, All rights reserved
                      00007 ;==========================================================================
                      00008 
                      00528         LIST
                      00003 
  00000024            00004 BIN             EQU     0x24
  00000025            00005 BCDH    EQU     0x25
  00000026            00006 BCDM    EQU     0x26
  00000027            00007 BCDL    EQU     0x27
                      00008 
                      00009 
Warning[205]: Found directive in column 1. (ORG)
                      00010 ORG 0X0000
Warning[203]: Found opcode in column 1. (goto)
0000   2???           00011 goto inicio
Warning[205]: Found directive in column 1. (ORG)
                      00012 ORG 0x0004
Warning[203]: Found opcode in column 1. (goto)
0004   2???           00013 goto isr
                      00014 
Warning[205]: Found directive in column 1. (ORG)
                      00015 ORG 0x0005
0005                  00016 inicio
0005   2???           00017         call init
                      00018 ;PROGRAMA PRINCIPAL
0006                  00019 main
0006   0000           00020         NOP
0007   0064           00021         CLRWDT ; por las dudas :D
                      00022 ;Fin main
Warning[203]: Found opcode in column 1. (goto)
0008   2???           00023 goto main
                      00024 
                      00025 
0009                  00026 convert_dato
0009   01A5           00027         clrf    BCDH
000A   01A6           00028         clrf    BCDM
000B   01A7           00029         clrf    BCDL
Warning[207]: Found label after column 1. (BCD_HIGH)
000C                  00030         BCD_HIGH
000C   3064           00031         movlw   d'100'
000D   02A4           00032         subwf   BIN,f
000E   1C03           00033         btfss   STATUS,C        ; si esta seteado no hubo BORROW
000F   2???           00034         goto    SUMA_100        ; si hubo BORROW entonces el numero que quedaba era menor a 100
0010   0AA5           00035         incf    BCDH,f
0011   2???           00036         goto BCD_HIGH
Warning[207]: Found label after column 1. (SUMA_100)
MPASM  5.40                      RECEPTOR.ASM   9-1-2016  19:57:49         PAGE  2


LOC  OBJECT CODE     LINE SOURCE TEXT
  VALUE

0012                  00037         SUMA_100
0012   3064           00038         movlw   d'100'
0013   07A4           00039         addwf   BIN,f
0014   2???           00040                 goto    BCD_LOW 
                      00041 
Warning[207]: Found label after column 1. (BCD_LOW)
0015                  00042         BCD_LOW 
0015   300A           00043                 movlw   d'10'
0016   02A4           00044         subwf   BIN,f
0017   1C03           00045         btfss   STATUS,C   ; si esta seteado no hubo BORROW
0018   2???           00046         goto    SUMA_10
Message[305]: Using default destination of 1 (file).
0019   0AA6           00047         incf    BCDM
001A   2???           00048         goto    BCD_LOW
Warning[207]: Found label after column 1. (SUMA_10)
001B                  00049         SUMA_10 
001B   300A           00050                 movlw   d'10'
001C   07A4           00051         addwf   BIN,f
001D   0824           00052         movf    BIN,w
001E   00A7           00053         movwf   BCDL
                      00054 ;FIN convert_dato
Warning[203]: Found opcode in column 1. (return)
001F   0008           00055 return
                      00056 
                      00057                 
                      00058 
0020                  00059 isr
0020   138B           00060         bcf     INTCON,GIE
0021   190B           00061         BTFSC INTCON,T0IF ;SALTA SI NO ES LA INTERRUPCION DEL TIMER
0022   2???           00062         GOTO INTERRUPCION_TIMER
0023   1A8C           00063         btfsc PIR1,RCIF
0024   2???           00064         goto recibiAlgo ; si RCIF esta en 1
0025   2???           00065         goto fin_isr
                      00066 
0026                  00067 INTERRUPCION_TIMER
                      00068         ;REESTABLECER TIMER (PARA QUE VUELVA A INTERRUMPIR DESPUES DE 2 MSEG)
0026   110B           00069         BCF INTCON,T0IF ;PONGO EN 0 EL BIT T0IF (DEL TMR0)
0027   3086           00070         MOVLW 0X86 ;LE PASO EL VALOR 134 (DECIMAL) AL TMR0 
0028   0081           00071         MOVWF TMR0 ;PARA QUE EMPIECE A CONTAR EL TMR0 DESDE ESE VALOR.
                      00072 
0029   1403           00073         BSF STATUS,C
Message[305]: Using default destination of 1 (file).
002A   0D88           00074         RLF PORTD
002B   1988           00075         BTFSC PORTD, 3  ;SALTA UNA INSTRUCCION SI EL BIT 6 DE PORTC ES 0, OSEA QUE TIENE QUE VOLVER A PO
                            NER EN 0 EL BIT 0 PARA MOSTRAR SEGUNODS_UNIDAD
002C   2???           00076         GOTO DISPLAY1
002D   30FE           00077         MOVLW b'11111110'
002E   0088           00078         MOVWF PORTD 
                      00079 
Warning[207]: Found label after column 1. (DISPLAY1)
002F                  00080         DISPLAY1 ;REFRESCA EL VALOR DE DISPLAY1 (EL BCDL) (SI LO TIENE QUE HACER)
002F   1808           00081                 BTFSC PORTD,0 ;SALTA SI TIENE QUE MOSTRAR BCDL
0030   2???           00082                 GOTO DISPLAY2
MPASM  5.40                      RECEPTOR.ASM   9-1-2016  19:57:49         PAGE  3


LOC  OBJECT CODE     LINE SOURCE TEXT
  VALUE

0031   0827           00083                 MOVF BCDL,W
0032   2???           00084                 CALL TABLA
0033   0086           00085                 MOVWF PORTB
0034   2???           00086                 GOTO fin_isr
                      00087 
Warning[207]: Found label after column 1. (DISPLAY2)
0035                  00088         DISPLAY2 ;REFRESCA EL VALOR DE DISPLAY2 (EL BCDM) (SI LO TIENE QUE HACER)
0035   1888           00089                 BTFSC PORTD,1 ;SALTA SI TIENE QUE MOSTRAR BCDM
0036   2???           00090                 GOTO DISPLAY3
0037   0826           00091                 MOVF BCDM,W
0038   2???           00092                 CALL TABLA
0039   0086           00093                 MOVWF PORTB
003A   2???           00094                 GOTO fin_isr
                      00095 
Warning[207]: Found label after column 1. (DISPLAY3)
003B                  00096         DISPLAY3 ;REFRESCA EL VALOR DE DISPLAY3 (EL BCDH) (SI LO TIENE QUE HACER)
003B   1908           00097                 BTFSC PORTD,2 ;SALTA SI TIENE QUE MOSTRAR BCDH
003C   2???           00098                 GOTO fin_isr
003D   0825           00099                 MOVF BCDH,W
003E   2???           00100                 CALL TABLA
003F   0086           00101                 MOVWF PORTB
0040   2???           00102                 GOTO fin_isr
                      00103 
                      00104 
0041                  00105 TABLA
0041   0782           00106                 addwf   PCL, 1
0042   343F           00107                 retlw   d'63'  ;0
0043   3406           00108                 retlw   d'6'   ;1
0044   345B           00109                 retlw   d'91'  ;2
0045   344F           00110                 retlw   d'79'  ;3
0046   3466           00111                 retlw   d'102' ;4
0047   346D           00112                 retlw   d'109' ;5
0048   347D           00113                 retlw   d'125' ;6
0049   3407           00114                 retlw   d'7'   ;7
004A   347F           00115                 retlw   d'127' ;8
004B   3467           00116                 retlw   d'103' ;9
                      00117         
                      00118 
004C                  00119 recibiAlgo
004C   128C           00120         bcf PIR1,RCIF
004D   081A           00121         movf RCREG,W
004E   00A4           00122         movwf BIN
004F   2???           00123         call convert_dato; genero BCDL, BCDM y BCDH
0050   2???           00124         goto fin_isr
                      00125 
                      00126 
0051                  00127 fin_isr
0051   178B           00128         bsf             INTCON,GIE      
0052   0009           00129         retfie          
                      00130         
                      00131 
                      00132 
0053                  00133 init
MPASM  5.40                      RECEPTOR.ASM   9-1-2016  19:57:49         PAGE  4


LOC  OBJECT CODE     LINE SOURCE TEXT
  VALUE

                      00134 
                      00135 ;INICIALIZACION PUERTO DISPLAY
                      00136         ;Pagina 00 (BANK 0)
0053   1283           00137         bcf     STATUS,RP0
0054   1303           00138         bcf     STATUS,RP1
0055   0186           00139         CLRF PORTB ; PORTB Numero que voy a mostrar en el Display
                      00140         ; PORTC Muestra el Display si su bit correspondiente esta en 0,
                      00141         ; ej: RD0 = 0 --> Display0 muestra un numero
0056   0188           00142         CLRF PORTD
Message[305]: Using default destination of 1 (file).
0057   0988           00143         COMF PORTD
                      00144         ;Pagina 01 (BANK 1)
0058   1683           00145         bsf     STATUS,RP0
0059   1303           00146         bcf     STATUS,RP1
Message[302]: Register in operand not in bank 0.  Ensure that bank bits are correct.
005A   0186           00147         clrf TRISB
Message[302]: Register in operand not in bank 0.  Ensure that bank bits are correct.
005B   0188           00148         clrf TRISD      
                      00149                 
                      00150 ;FIN INICIALIZACION PUERTO DISPLAY 
                      00151 
                      00152 ;INICIALIZACION PUERTO SERIE (USART)
                      00153 
                      00154         ;Pagina 01 (BANK 1)
005C   1683           00155         bsf     STATUS,RP0
005D   1303           00156         bcf     STATUS,RP1
                      00157         ;TX y RX
Message[302]: Register in operand not in bank 0.  Ensure that bank bits are correct.
005E   1307           00158         bcf     TRISC,6 ;TX como salida  (OUTPUT)
Message[302]: Register in operand not in bank 0.  Ensure that bank bits are correct.
005F   1787           00159         bsf     TRISC,7 ;RX como entrada (INPUT)
                      00160         ;Configuro el TXSTA
Message[302]: Register in operand not in bank 0.  Ensure that bank bits are correct.
0060   0198           00161     clrf TXSTA
Message[302]: Register in operand not in bank 0.  Ensure that bank bits are correct.
0061   1498           00162         bsf TXSTA,TRMT  ;TRMT: Transmit Shift Register Status bit, 1 = TSR empty
Message[302]: Register in operand not in bank 0.  Ensure that bank bits are correct.
0062   1518           00163         bsf TXSTA,BRGH  ;High speed
Message[302]: Register in operand not in bank 0.  Ensure that bank bits are correct.
0063   1698           00164         bsf TXSTA,TXEN  ;Transmision habilitada
                      00165         ;The rate at which data is transmitted or received must be always be set using the
                      00166         ;baud rate generator unless the USART is being used in synchronous slave mode.
                      00167         ;Configuro la velocidad de transmision/recepcion (baudios = bit/segundo (?))
0064   3019           00168         movlw   d'25'
Message[302]: Register in operand not in bank 0.  Ensure that bank bits are correct.
0065   0099           00169         movwf   SPBRG   ; 9600 baudios en high speed con 4MHz
                      00170         
                      00171         ;Pagina 00 (BANK 0)
0066   1283           00172         bcf     STATUS,RP0
0067   1303           00173         bcf     STATUS,RP1
                      00174         ;Configuro el RCSTA
0068   0198           00175         clrf RCSTA
0069   1798           00176         bsf RCSTA,SPEN ; Serial Port Enable
MPASM  5.40                      RECEPTOR.ASM   9-1-2016  19:57:49         PAGE  5


LOC  OBJECT CODE     LINE SOURCE TEXT
  VALUE

006A   1618           00177         bsf RCSTA,CREN ; Continuous receive enable
                      00178 
                      00179 ;FIN INICIALIZACION PUERTO SERIE (USART)
                      00180 
                      00181 
                      00182 ; INICIALIZACION DE INTERRUPCIONES
                      00183 
                      00184         ;Pagina 01 (BANK 1)
006B   1683           00185         bsf     STATUS,RP0
006C   1303           00186         bcf     STATUS,RP1
                      00187         ;Habilito int de recepcion, la int de transmision no hace falta ya que tomamos accion solo al re
                            cibir un dato. 
Message[302]: Register in operand not in bank 0.  Ensure that bank bits are correct.
006D   168C           00188         bsf     PIE1,RCIE       ;Habilito int de recepcion
                      00189  
                      00190 
                      00191         ;Pagina 00 (BANK 0)
006E   1283           00192         bcf     STATUS,RP0
006F   1303           00193         bcf     STATUS,RP1
0070   168B           00194         bsf INTCON,T0IE ;HABILITA EL TMR0
0071   170B           00195         bsf     INTCON, PEIE    ; habilito int de perifericos
0072   178B           00196         bsf     INTCON, GIE             ; habilito int global   
                      00197 
                      00198 ; FIN INICIALIZACION DE INTERRUPCIONES
                      00199 
                      00200 ;CONFIGURACION TIMER
Warning[203]: Found opcode in column 1. (BSF)
0073   1683           00201 BSF STATUS,RP0          ;BANCO 1 
Warning[203]: Found opcode in column 1. (BCF)
Message[302]: Register in operand not in bank 0.  Ensure that bank bits are correct.
0074   1281           00202 BCF OPTION_REG,T0CS ;USA EL OSCILADOR INTERNO (Fosc/4)
Warning[203]: Found opcode in column 1. (BCF)
Message[302]: Register in operand not in bank 0.  Ensure that bank bits are correct.
0075   1181           00203 BCF OPTION_REG,PSA      ;HABILITA EL PRESCALER
                      00204 
                      00205 ;VALOR DEL PRESCALER 001
Warning[203]: Found opcode in column 1. (BCF)
Message[302]: Register in operand not in bank 0.  Ensure that bank bits are correct.
0076   1101           00206 BCF OPTION_REG,PS2 ;BIT 2 DEL PRESCALER EN 0
Warning[203]: Found opcode in column 1. (BCF)
Message[302]: Register in operand not in bank 0.  Ensure that bank bits are correct.
0077   1081           00207 BCF OPTION_REG,PS1 ;BIT 1 DEL PRESCALER EN 0
Warning[203]: Found opcode in column 1. (BSF)
Message[302]: Register in operand not in bank 0.  Ensure that bank bits are correct.
0078   1401           00208 BSF OPTION_REG,PS0 ;BIT 0 DEL PRESCALER EN 1
                      00209 
                      00210 
                      00211         
                      00212 ;INICIALIZACION DEL TMR0
Warning[203]: Found opcode in column 1. (BCF)
0079   1283           00213 BCF STATUS,RP0  ;BANCO 0
Warning[203]: Found opcode in column 1. (BCF)
007A   110B           00214 BCF INTCON,T0IF ;PONGO EN 0 EL BIT T0IF (DEL TMR0)
MPASM  5.40                      RECEPTOR.ASM   9-1-2016  19:57:49         PAGE  6


LOC  OBJECT CODE     LINE SOURCE TEXT
  VALUE

Warning[203]: Found opcode in column 1. (MOVLW)
007B   3086           00215 MOVLW 0X86 ;LE PASO EL VALOR 134 (DECIMAL) AL TMR0 
Warning[203]: Found opcode in column 1. (MOVWF)
007C   0081           00216 MOVWF TMR0 ;PARA QUE EMPIECE A CONTAR DESDE ESE VALOR.  
                      00217 
                      00218         ;INICIALIZACION DE VARIABLES
007D   01A5           00219         clrf BCDH
007E   01A6           00220         clrf BCDM
007F   01A7           00221         clrf BCDL
0080   30FD           00222         MOVLW b'11111101'
0081   0088           00223         MOVWF PORTD
0082   0008           00224         return
                      00225 ;FIN INIT
Warning[203]: Found opcode in column 1. (return)
0083   0008           00226 return
Warning[205]: Found directive in column 1. (end)
                      00227 end
MPASM  5.40                      RECEPTOR.ASM   9-1-2016  19:57:49         PAGE  7


SYMBOL TABLE
  LABEL                             VALUE 

ACKDT                             00000005
ACKEN                             00000004
ACKSTAT                           00000006
ADCON0                            0000001F
ADCON1                            0000009F
ADCS0                             00000006
ADCS1                             00000007
ADDEN                             00000003
ADFM                              00000007
ADIE                              00000006
ADIF                              00000006
ADON                              00000000
ADRESH                            0000001E
ADRESL                            0000009E
BCDH                              00000025
BCDL                              00000027
BCDM                              00000026
BCD_HIGH                          0000000C
BCD_LOW                           00000015
BCLIE                             00000003
BCLIF                             00000003
BF                                00000000
BIN                               00000024
BRGH                              00000002
C                                 00000000
CCP1CON                           00000017
CCP1IE                            00000002
CCP1IF                            00000002
CCP1M0                            00000000
CCP1M1                            00000001
CCP1M2                            00000002
CCP1M3                            00000003
CCP1X                             00000005
CCP1Y                             00000004
CCP2CON                           0000001D
CCP2IE                            00000000
CCP2IF                            00000000
CCP2M0                            00000000
CCP2M1                            00000001
CCP2M2                            00000002
CCP2M3                            00000003
CCP2X                             00000005
CCP2Y                             00000004
CCPR1                             00000015
CCPR1H                            00000016
CCPR1L                            00000015
CCPR2                             0000001B
CCPR2H                            0000001C
CCPR2L                            0000001B
CHS0                              00000003
CHS1                              00000004
CHS2                              00000005
CKE                               00000006
MPASM  5.40                      RECEPTOR.ASM   9-1-2016  19:57:49         PAGE  8


SYMBOL TABLE
  LABEL                             VALUE 

CKP                               00000004
CREN                              00000004
CSRC                              00000007
D                                 00000005
DATA_ADDRESS                      00000005
DC                                00000001
DISPLAY1                          0000002F
DISPLAY2                          00000035
DISPLAY3                          0000003B
D_A                               00000005
D_NOT_A                           00000005
EEADR                             0000010D
EEADRH                            0000010F
EECON1                            0000018C
EECON2                            0000018D
EEDATA                            0000010C
EEDATH                            0000010E
EEIE                              00000004
EEIF                              00000004
EEPGD                             00000007
F                                 00000001
FERR                              00000002
FSR                               00000004
GCEN                              00000007
GIE                               00000007
GO                                00000002
GO_DONE                           00000002
GO_NOT_DONE                       00000002
I2C_DATA                          00000005
I2C_READ                          00000002
I2C_START                         00000003
I2C_STOP                          00000004
IBF                               00000007
IBOV                              00000005
INDF                              00000000
INTCON                            0000000B
INTE                              00000004
INTEDG                            00000006
INTERRUPCION_TIMER                00000026
INTF                              00000001
IRP                               00000007
NOT_A                             00000005
NOT_ADDRESS                       00000005
NOT_BO                            00000000
NOT_BOR                           00000000
NOT_DONE                          00000002
NOT_PD                            00000003
NOT_POR                           00000001
NOT_RBPU                          00000007
NOT_RC8                           00000006
NOT_T1SYNC                        00000002
NOT_TO                            00000004
NOT_TX8                           00000006
MPASM  5.40                      RECEPTOR.ASM   9-1-2016  19:57:49         PAGE  9


SYMBOL TABLE
  LABEL                             VALUE 

NOT_W                             00000002
NOT_WRITE                         00000002
OBF                               00000006
OERR                              00000001
OPTION_REG                        00000081
P                                 00000004
PCFG0                             00000000
PCFG1                             00000001
PCFG2                             00000002
PCFG3                             00000003
PCL                               00000002
PCLATH                            0000000A
PCON                              0000008E
PEIE                              00000006
PEN                               00000002
PIE1                              0000008C
PIE2                              0000008D
PIR1                              0000000C
PIR2                              0000000D
PORTA                             00000005
PORTB                             00000006
PORTC                             00000007
PORTD                             00000008
PORTE                             00000009
PR2                               00000092
PS0                               00000000
PS1                               00000001
PS2                               00000002
PSA                               00000003
PSPIE                             00000007
PSPIF                             00000007
PSPMODE                           00000004
R                                 00000002
RA0                               00000000
RA1                               00000001
RA2                               00000002
RA3                               00000003
RA4                               00000004
RA5                               00000005
RB0                               00000000
RB1                               00000001
RB2                               00000002
RB3                               00000003
RB4                               00000004
RB5                               00000005
RB6                               00000006
RB7                               00000007
RBIE                              00000003
RBIF                              00000000
RC0                               00000000
RC1                               00000001
RC2                               00000002
RC3                               00000003
MPASM  5.40                      RECEPTOR.ASM   9-1-2016  19:57:49         PAGE 10


SYMBOL TABLE
  LABEL                             VALUE 

RC4                               00000004
RC5                               00000005
RC6                               00000006
RC7                               00000007
RC8_9                             00000006
RC9                               00000006
RCD8                              00000000
RCEN                              00000003
RCIE                              00000005
RCIF                              00000005
RCREG                             0000001A
RCSTA                             00000018
RD                                00000000
RD0                               00000000
RD1                               00000001
RD2                               00000002
RD3                               00000003
RD4                               00000004
RD5                               00000005
RD6                               00000006
RD7                               00000007
RE0                               00000000
RE1                               00000001
RE2                               00000002
READ_WRITE                        00000002
RP0                               00000005
RP1                               00000006
RSEN                              00000001
RX9                               00000006
RX9D                              00000000
R_NOT_W                           00000002
R_W                               00000002
S                                 00000003
SEN                               00000000
SMP                               00000007
SPBRG                             00000099
SPEN                              00000007
SREN                              00000005
SSPADD                            00000093
SSPBUF                            00000013
SSPCON                            00000014
SSPCON2                           00000091
SSPEN                             00000005
SSPIE                             00000003
SSPIF                             00000003
SSPM0                             00000000
SSPM1                             00000001
SSPM2                             00000002
SSPM3                             00000003
SSPOV                             00000006
SSPSTAT                           00000094
STATUS                            00000003
SUMA_10                           0000001B
MPASM  5.40                      RECEPTOR.ASM   9-1-2016  19:57:49         PAGE 11


SYMBOL TABLE
  LABEL                             VALUE 

SUMA_100                          00000012
SYNC                              00000004
T0CS                              00000005
T0IE                              00000005
T0IF                              00000002
T0SE                              00000004
T1CKPS0                           00000004
T1CKPS1                           00000005
T1CON                             00000010
T1INSYNC                          00000002
T1OSCEN                           00000003
T1SYNC                            00000002
T2CKPS0                           00000000
T2CKPS1                           00000001
T2CON                             00000012
TABLA                             00000041
TMR0                              00000001
TMR0IE                            00000005
TMR0IF                            00000002
TMR1CS                            00000001
TMR1H                             0000000F
TMR1IE                            00000000
TMR1IF                            00000000
TMR1L                             0000000E
TMR1ON                            00000000
TMR2                              00000011
TMR2IE                            00000001
TMR2IF                            00000001
TMR2ON                            00000002
TOUTPS0                           00000003
TOUTPS1                           00000004
TOUTPS2                           00000005
TOUTPS3                           00000006
TRISA                             00000085
TRISA0                            00000000
TRISA1                            00000001
TRISA2                            00000002
TRISA3                            00000003
TRISA4                            00000004
TRISA5                            00000005
TRISB                             00000086
TRISB0                            00000000
TRISB1                            00000001
TRISB2                            00000002
TRISB3                            00000003
TRISB4                            00000004
TRISB5                            00000005
TRISB6                            00000006
TRISB7                            00000007
TRISC                             00000087
TRISC0                            00000000
TRISC1                            00000001
TRISC2                            00000002
MPASM  5.40                      RECEPTOR.ASM   9-1-2016  19:57:49         PAGE 12


SYMBOL TABLE
  LABEL                             VALUE 

TRISC3                            00000003
TRISC4                            00000004
TRISC5                            00000005
TRISC6                            00000006
TRISC7                            00000007
TRISD                             00000088
TRISD0                            00000000
TRISD1                            00000001
TRISD2                            00000002
TRISD3                            00000003
TRISD4                            00000004
TRISD5                            00000005
TRISD6                            00000006
TRISD7                            00000007
TRISE                             00000089
TRISE0                            00000000
TRISE1                            00000001
TRISE2                            00000002
TRMT                              00000001
TX8_9                             00000006
TX9                               00000006
TX9D                              00000000
TXD8                              00000000
TXEN                              00000005
TXIE                              00000004
TXIF                              00000004
TXREG                             00000019
TXSTA                             00000098
UA                                00000001
W                                 00000000
WCOL                              00000007
WR                                00000001
WREN                              00000002
WRERR                             00000003
Z                                 00000002
_BODEN_OFF                        00003FBF
_BODEN_ON                         00003FFF
_CONFIG                           00002007
_CPD_OFF                          00003FFF
_CPD_ON                           00003EFF
_CP_All                           00000FCF
_CP_HALF                          00001FDF
_CP_OFF                           00003FFF
_CP_UPPER_256                     00002FEF
_DEBUG_OFF                        00003FFF
_DEBUG_ON                         000037FF
_DEVID1                           00002006
_HS_OSC                           00003FFE
_IDLOC0                           00002000
_IDLOC1                           00002001
_IDLOC2                           00002002
_IDLOC3                           00002003
_LP_OSC                           00003FFC
MPASM  5.40                      RECEPTOR.ASM   9-1-2016  19:57:49         PAGE 13


SYMBOL TABLE
  LABEL                             VALUE 

_LVP_OFF                          00003F7F
_LVP_ON                           00003FFF
_PWRTE_OFF                        00003FFF
_PWRTE_ON                         00003FF7
_RC_OSC                           00003FFF
_WDT_OFF                          00003FFB
_WDT_ON                           00003FFF
_WRT_ENABLE_OFF                   00003DFF
_WRT_ENABLE_ON                    00003FFF
_XT_OSC                           00003FFD
__16F877                          00000001
__DEBUG                           1
convert_dato                      00000009
fin_isr                           00000051
inicio                            00000005
init                              00000053
isr                               00000020
main                              00000006
recibiAlgo                        0000004C

Errors   :     0
Warnings :    26 reported,     0 suppressed
Messages :    18 reported,     0 suppressed

