MPLINK 4.38, Linker
Linker Map File - Created Wed Aug 31 05:34:13 2016

                                 Section Info
                  Section       Type    Address   Location Size(Bytes)
                ---------  ---------  ---------  ---------  ---------
                   .org_0       code   0x000000    program   0x000002
                   .cinit    romdata   0x000001    program   0x000004
                   .org_1       code   0x000004    program   0x000002
                   .org_2       code   0x000005    program   0x0000f6



                              Program Memory Usage 
                               Start         End      
                           ---------   ---------      
                            0x000000    0x000002      
                            0x000004    0x00007f      
            127 out of 8454 program addresses used, program memory utilization is 1%



                              Symbols - Sorted by Name
                     Name    Address   Location    Storage File                     
                ---------  ---------  ---------  --------- ---------                
                 BCD_HIGH   0x000018    program     static C:\Users\edu\Desktop\PCP_USART_git\PCP_USART\receptor.asm
                  BCD_LOW   0x000021    program     static C:\Users\edu\Desktop\PCP_USART_git\PCP_USART\receptor.asm
                  SUMA_10   0x000027    program     static C:\Users\edu\Desktop\PCP_USART_git\PCP_USART\receptor.asm
                 SUMA_100   0x00001e    program     static C:\Users\edu\Desktop\PCP_USART_git\PCP_USART\receptor.asm
                    TABLA   0x00000a    program     static C:\Users\edu\Desktop\PCP_USART_git\PCP_USART\receptor.asm
               cont_delay   0x00002e    program     static C:\Users\edu\Desktop\PCP_USART_git\PCP_USART\receptor.asm
             convert_dato   0x000015    program     static C:\Users\edu\Desktop\PCP_USART_git\PCP_USART\receptor.asm
                    delay   0x00002c    program     static C:\Users\edu\Desktop\PCP_USART_git\PCP_USART\receptor.asm
                  fin_isr   0x00005e    program     static C:\Users\edu\Desktop\PCP_USART_git\PCP_USART\receptor.asm
                   inicio   0x000005    program     static C:\Users\edu\Desktop\PCP_USART_git\PCP_USART\receptor.asm
                     init   0x000060    program     static C:\Users\edu\Desktop\PCP_USART_git\PCP_USART\receptor.asm
                      isr   0x000033    program     static C:\Users\edu\Desktop\PCP_USART_git\PCP_USART\receptor.asm
                     main   0x000007    program     static C:\Users\edu\Desktop\PCP_USART_git\PCP_USART\receptor.asm
               recibiAlgo   0x00003b    program     static C:\Users\edu\Desktop\PCP_USART_git\PCP_USART\receptor.asm
            transmitiAlgo   0x00005c    program     static C:\Users\edu\Desktop\PCP_USART_git\PCP_USART\receptor.asm



                              Symbols - Sorted by Address
                     Name    Address   Location    Storage File                     
                ---------  ---------  ---------  --------- ---------                
                   inicio   0x000005    program     static C:\Users\edu\Desktop\PCP_USART_git\PCP_USART\receptor.asm
                     main   0x000007    program     static C:\Users\edu\Desktop\PCP_USART_git\PCP_USART\receptor.asm
                    TABLA   0x00000a    program     static C:\Users\edu\Desktop\PCP_USART_git\PCP_USART\receptor.asm
             convert_dato   0x000015    program     static C:\Users\edu\Desktop\PCP_USART_git\PCP_USART\receptor.asm
                 BCD_HIGH   0x000018    program     static C:\Users\edu\Desktop\PCP_USART_git\PCP_USART\receptor.asm
                 SUMA_100   0x00001e    program     static C:\Users\edu\Desktop\PCP_USART_git\PCP_USART\receptor.asm
                  BCD_LOW   0x000021    program     static C:\Users\edu\Desktop\PCP_USART_git\PCP_USART\receptor.asm
                  SUMA_10   0x000027    program     static C:\Users\edu\Desktop\PCP_USART_git\PCP_USART\receptor.asm
                    delay   0x00002c    program     static C:\Users\edu\Desktop\PCP_USART_git\PCP_USART\receptor.asm
               cont_delay   0x00002e    program     static C:\Users\edu\Desktop\PCP_USART_git\PCP_USART\receptor.asm
                      isr   0x000033    program     static C:\Users\edu\Desktop\PCP_USART_git\PCP_USART\receptor.asm
               recibiAlgo   0x00003b    program     static C:\Users\edu\Desktop\PCP_USART_git\PCP_USART\receptor.asm
            transmitiAlgo   0x00005c    program     static C:\Users\edu\Desktop\PCP_USART_git\PCP_USART\receptor.asm
                  fin_isr   0x00005e    program     static C:\Users\edu\Desktop\PCP_USART_git\PCP_USART\receptor.asm
                     init   0x000060    program     static C:\Users\edu\Desktop\PCP_USART_git\PCP_USART\receptor.asm


