MPLINK 4.38, Linker
Linker Map File - Created Thu Sep 01 19:17:01 2016

                                 Section Info
                  Section       Type    Address   Location Size(Bytes)
                ---------  ---------  ---------  ---------  ---------
                   .org_0       code   0x000000    program   0x000002
                   .cinit    romdata   0x000001    program   0x000004
                   .org_1       code   0x000004    program   0x000002
                   .org_2       code   0x000005    program   0x0000fe



                              Program Memory Usage 
                               Start         End      
                           ---------   ---------      
                            0x000000    0x000002      
                            0x000004    0x000083      
            131 out of 8454 program addresses used, program memory utilization is 1%



                              Symbols - Sorted by Name
                     Name    Address   Location    Storage File                     
                ---------  ---------  ---------  --------- ---------                
                 BCD_HIGH   0x00000c    program     static C:\Users\edu\Desktop\PCP_USART_git\PCP_USART\receptor.asm
                  BCD_LOW   0x000015    program     static C:\Users\edu\Desktop\PCP_USART_git\PCP_USART\receptor.asm
                 DISPLAY1   0x00002f    program     static C:\Users\edu\Desktop\PCP_USART_git\PCP_USART\receptor.asm
                 DISPLAY2   0x000035    program     static C:\Users\edu\Desktop\PCP_USART_git\PCP_USART\receptor.asm
                 DISPLAY3   0x00003b    program     static C:\Users\edu\Desktop\PCP_USART_git\PCP_USART\receptor.asm
       INTERRUPCION_TIMER   0x000026    program     static C:\Users\edu\Desktop\PCP_USART_git\PCP_USART\receptor.asm
                  SUMA_10   0x00001b    program     static C:\Users\edu\Desktop\PCP_USART_git\PCP_USART\receptor.asm
                 SUMA_100   0x000012    program     static C:\Users\edu\Desktop\PCP_USART_git\PCP_USART\receptor.asm
                    TABLA   0x000041    program     static C:\Users\edu\Desktop\PCP_USART_git\PCP_USART\receptor.asm
             convert_dato   0x000009    program     static C:\Users\edu\Desktop\PCP_USART_git\PCP_USART\receptor.asm
                  fin_isr   0x000051    program     static C:\Users\edu\Desktop\PCP_USART_git\PCP_USART\receptor.asm
                   inicio   0x000005    program     static C:\Users\edu\Desktop\PCP_USART_git\PCP_USART\receptor.asm
                     init   0x000053    program     static C:\Users\edu\Desktop\PCP_USART_git\PCP_USART\receptor.asm
                      isr   0x000020    program     static C:\Users\edu\Desktop\PCP_USART_git\PCP_USART\receptor.asm
                     main   0x000006    program     static C:\Users\edu\Desktop\PCP_USART_git\PCP_USART\receptor.asm
               recibiAlgo   0x00004c    program     static C:\Users\edu\Desktop\PCP_USART_git\PCP_USART\receptor.asm



                              Symbols - Sorted by Address
                     Name    Address   Location    Storage File                     
                ---------  ---------  ---------  --------- ---------                
                   inicio   0x000005    program     static C:\Users\edu\Desktop\PCP_USART_git\PCP_USART\receptor.asm
                     main   0x000006    program     static C:\Users\edu\Desktop\PCP_USART_git\PCP_USART\receptor.asm
             convert_dato   0x000009    program     static C:\Users\edu\Desktop\PCP_USART_git\PCP_USART\receptor.asm
                 BCD_HIGH   0x00000c    program     static C:\Users\edu\Desktop\PCP_USART_git\PCP_USART\receptor.asm
                 SUMA_100   0x000012    program     static C:\Users\edu\Desktop\PCP_USART_git\PCP_USART\receptor.asm
                  BCD_LOW   0x000015    program     static C:\Users\edu\Desktop\PCP_USART_git\PCP_USART\receptor.asm
                  SUMA_10   0x00001b    program     static C:\Users\edu\Desktop\PCP_USART_git\PCP_USART\receptor.asm
                      isr   0x000020    program     static C:\Users\edu\Desktop\PCP_USART_git\PCP_USART\receptor.asm
       INTERRUPCION_TIMER   0x000026    program     static C:\Users\edu\Desktop\PCP_USART_git\PCP_USART\receptor.asm
                 DISPLAY1   0x00002f    program     static C:\Users\edu\Desktop\PCP_USART_git\PCP_USART\receptor.asm
                 DISPLAY2   0x000035    program     static C:\Users\edu\Desktop\PCP_USART_git\PCP_USART\receptor.asm
                 DISPLAY3   0x00003b    program     static C:\Users\edu\Desktop\PCP_USART_git\PCP_USART\receptor.asm
                    TABLA   0x000041    program     static C:\Users\edu\Desktop\PCP_USART_git\PCP_USART\receptor.asm
               recibiAlgo   0x00004c    program     static C:\Users\edu\Desktop\PCP_USART_git\PCP_USART\receptor.asm
                  fin_isr   0x000051    program     static C:\Users\edu\Desktop\PCP_USART_git\PCP_USART\receptor.asm
                     init   0x000053    program     static C:\Users\edu\Desktop\PCP_USART_git\PCP_USART\receptor.asm


